// Jest Snapshot v1, https://goo.gl/fbAQLP

exports[`Pruebas en <GifItiem /> debe hacer match con el snapshot 1`] = `
<div>
  <div
    class="card"
  >
    <img
      alt="Dragon ball"
      src="https://github.com/"
    />
    <p>
      Dragon ball
    </p>
  </div>
</div>
`;
